I'm sorry, but errors were detected in your script. Please correct the
errors listed below, and try again.


File "game/screens.rpy", line 307: expected a keyword argument or child statement.
(Perhaps you left out a " at the end of the first line.)
    "textbutton _("History") action ShowMenu("history")
    ^
    
                textbutton _("Save") action ShowMenu("save")
    
            textbutton _("Load") action ShowMenu("load")
    
            textbutton _("Preferences") action ShowMenu("preferences")
    
            if _in_replay:
    
                textbutton _("End Replay") action EndReplay(confirm=True)
    
            elif not main_menu:
    
                textbutton _("Main Menu") action MainMenu()
    
            textbutton _("About") action ShowMenu("about")
    
            if renpy.variant("pc") or (renpy.variant("web") and not renpy.variant("mobile")):
    
                ## Help isn't necessary or relevant to mobile devices.
                textbutton _("Help") action ShowMenu("help")
    
            if renpy.variant("pc"):
    
                ## The quit button is banned on iOS and unnecessary on Android and
                ## Web.
                textbutton _("Quit") action Quit(confirm=not main_menu)
    
    
    style navigation_button is gui_button
    style navigation_button_text is gui_button_text
    
    style navigation_button:
        size_group "navigation"
        properties gui.button_properties("navigation_button")
    
    style navigation_button_text:
        properties gui.button_text_properties("navigation_button")
    
    
    ## Main Menu screen ############################################################
    ##
    ## Used to display the main menu when Ren'Py starts.
    ##
    ## https://www.renpy.org/doc/html/screen_special.html#main-menu
    
    screen main_menu():
    
        ## This ensures that any other menu screen is replaced.
        tag menu
    
        style_prefix "main_menu"
    
        add gui.main_menu_background
    
        ## This empty frame darkens the main menu.
        frame:
            pass
    
        ## The use statement includes another screen inside this one. The actual
        ## contents of the main menu are in the navigation screen.
        use navigation
    
        if gui.show_name:
    
            vbox:
                text "[config.name!t]":
                    style "main_menu_title"
    
                text "[config.version]":
                    style "main_menu_version"
    
    
    style main_menu_frame is empty
    style main_menu_vbox is vbox
    style main_menu_text is gui_text
    style main_menu_title is main_menu_text
    style main_menu_version is main_menu_text
    
    style main_menu_frame:
        xsize 420
        yfill True
    
        background None
    
    style main_menu_vbox:
        xalign 1.0
        xoffset -30
        xmaximum 1200
        yalign 1.0
        yoffset -30
    
    style main_menu_text:
        properties gui.text_properties("main_menu", accent=True)
    
    style main_menu_title:
        properties gui.text_properties("title")
    
    style main_menu_version:
        properties gui.text_properties("version")
    
    
    ## Game Menu screen ############################################################
    ##
    ## This lays out the basic common structure of a game menu screen. It's called
    ## with the screen title, and displays the background, title, and navigation.
    ##
    ## The scroll parameter can be None, or one of "viewport" or "vpgrid". When
    ## this screen is intended to be used with one or more children, which are
    ## transcluded (placed) inside it.
    
    screen game_menu(title, scroll=None, yinitial=0.0):
    
        style_prefix "game_menu"
    
        if main_menu:
            add gui.main_menu_background
        else:
            add gui.game_menu_background
    
        frame:
            style "game_menu_outer_frame"
    
            hbox:
    
                ## Reserve space for the navigation section.
                frame:
                    style "game_menu_navigation_frame"
    
                frame:
                    style "game_menu_content_frame"
    
                    if scroll == "viewport":
    
                        viewport:
                            yinitial yinitial
                            scrollbars "vertical"
                            mousewheel True
                            draggable True
                            pagekeys True
    
                            side_yfill True
    
                            vbox:
                                transclude
    
                    elif scroll == "vpgrid":
    
                        vpgrid:
                            cols 1
                            yinitial yinitial
    
                            scrollbars "vertical"
                            mousewheel True
                            draggable True
                            pagekeys True
    
                            side_yfill True
    
                            transclude
    
                    else:
    
                        transclude
    
        use navigation
    
        textbutton _("Return"):
            style "return_button"
    
            action Return()
    
        label title
    
        if main_menu:
            key "game_menu" action ShowMenu("main_menu")
    
    
    style game_menu_outer_frame is empty
    style game_menu_navigation_frame is empty
    style game_menu_content_frame is empty
    style game_menu_viewport is gui_viewport
    style game_menu_side is gui_side
    style game_menu_scrollbar is gui_vscrollbar
    
    style game_menu_label is gui_label
    style game_menu_label_text is gui_label_text
    
    style return_button is navigation_button
    style return_button_text is navigation_button_text
    
    style game_menu_outer_frame:
        bottom_padding 45
        top_padding 180
    
        background "gui/overlay/game_menu.png"
    
    style game_menu_navigation_frame:
        xsize 420
        yfill True
    
    style game_menu_content_frame:
        left_margin 60
        right_margin 30
        top_margin 15
    
    style game_menu_viewport:
        xsize 1380
    
    style game_menu_vscrollbar:
        unscrollable gui.unscrollable
    
    style game_menu_side:
        spacing 15
    
    style game_menu_label:
        xpos 75
        ysize 180
    
    style game_menu_label_text:
        size gui.title_text_size
        color gui.accent_color
        yalign 0.5
    
    style return_button:
        xpos gui.navigation_xpos
        yalign 1.0
        yoffset -45
    
    
    ## About screen ################################################################
    ##
    ## This screen gives credit and copyright information about the game and Ren'Py.
    ##
    ## There's nothing special about this screen, and hence it also serves as an
    ## example of how to make a custom screen.
    
    screen about():
    
        tag menu
    
        ## This use statement includes the game_menu screen inside this one. The
        ## vbox child is then included inside the viewport inside the game_menu
        ## screen.
        use game_menu(_("About"), scroll="viewport"):
    
            style_prefix "about"
    
            vbox:
    
                label "[config.name!t]"
                text _("Version [config.version!t]\n")
    
                ## gui.about is usually set in options.rpy.
                if gui.about:
                    text "[gui.about!t]\n"
    
                text _("Made with {a=https://www.renpy.org/}Ren'Py{/a} [renpy.version_only].\n\n[renpy.license!t]")
    
    
    ## This is redefined in options.rpy to add text to the about screen.
    define gui.about = ""
    
    
    style about_label is gui_label
    style about_label_text is gui_label_text
    style about_text is gui_text
    
    style about_label_text:
        size gui.label_text_size
    
    
    ## Load and Save screens #######################################################
    ##
    ## These screens are responsible for letting the player save the game and load
    ## it again. Since they share nearly everything in common, both are implemented
    ## in terms of a third screen, file_slots.
    ##
    ## https://www.renpy.org/doc/html/screen_special.html#save https://
    ## www.renpy.org/doc/html/screen_special.html#load
    
    screen save():
    
        tag menu
    
        use file_slots(_("Save"))
    
    
    screen load():
    
        tag menu
    
        use file_slots(_("Load"))
    
    
    screen file_slots(title):
    
        default page_name_value = FilePageNameInputValue(pattern=_("Page {}"), auto=_("Automatic saves"), quick=_("Quick saves"))
    
        use game_menu(title):
    
            fixed:
    
                ## This ensures the input will get the enter event before any of the
                ## buttons do.
                order_reverse True
    
                ## The page name, which can be edited by clicking on a button.
                button:
                    style "page_label"
    
                    key_events True
                    xalign 0.5
                    action page_name_value.Toggle()
    
                    input:
                        style "page_label_text"
                        value page_name_value
    
                ## The grid of file slots.
                grid gui.file_slot_cols gui.file_slot_rows:
                    style_prefix "slot"
    
                    xalign 0.5
                    yalign 0.5
    
                    spacing gui.slot_spacing
    
                    for i in range(gui.file_slot_cols * gui.file_slot_rows):
    
                        $ slot = i + 1
    
                        button:
                            action FileAction(slot)
    
                            has vbox
    
                            add FileScreenshot(slot) xalign 0.5
    
                            text FileTime(slot, format=_("{#file_time}%A, %B %d %Y, %H:%M"), empty=_("empty slot")):
                                style "slot_time_text"
    
                            text FileSaveName(slot):
                                style "slot_name_text"
    
                            key "save_delete" action FileDelete(slot)
    
                ## Buttons to access other pages.
                hbox:
                    style_prefix "page"
    
                    xalign 0.5
                    yalign 1.0
    
                    spacing gui.page_spacing
    
                    textbutton _("<") action FilePagePrevious()
    
                    if config.has_autosave:
                        textbutton _("{#auto_page}A") action FilePage("auto")
    
                    if config.has_quicksave:
                        textbutton _("{#quick_page}Q") action FilePage("quick")
    
                    ## range(1, 10) gives the numbers from 1 to 9.
                    for page in range(1, 10):
                        textbutton "[page]" action FilePage(page)
    
                    textbutton _(">") action FilePageNext()
    
    
    style page_label is gui_label
    style page_label_text is gui_label_text
    style page_button is gui_button
    style page_button_text is gui_button_text
    
    style slot_button is gui_button
    style slot_button_text is gui_button_text
    style slot_time_text is slot_button_text
    style slot_name_text is slot_button_text
    
    style page_label:
        xpadding 75
        ypadding 5
    
    style page_label_text:
        text_align 0.5
        layout "subtitle"
        hover_color gui.hover_color
    
    style page_button:
        properties gui.button_properties("page_button")
    
    style page_button_text:
        properties gui.button_text_properties("page_button")
    
    style slot_button:
        properties gui.button_properties("slot_button")
    
    style slot_button_text:
        properties gui.button_text_properties("slot_button")
    
    
    ## Preferences screen ##########################################################
    ##
    ## The preferences screen allows the player to configure the game to better suit
    ## themselves.
    ##
    ## https://www.renpy.org/doc/html/screen_special.html#preferences
    
    screen preferences():
    
        tag menu
    
        use game_menu(_("Preferences"), scroll="viewport"):
    
            vbox:
    
                hbox:
                    box_wrap True
    
                    if renpy.variant("pc") or renpy.variant("web"):
    
                        vbox:
                            style_prefix "radio"
                            label _("Display")
                            textbutton _("Window") action Preference("display", "window")
                            textbutton _("Fullscreen") action Preference("display", "fullscreen")
    
                    vbox:
                        style_prefix "radio"
                        label _("Rollback Side")
                        textbutton _("Disable") action Preference("rollback side", "disable")
                        textbutton _("Left") action Preference("rollback side", "left")
                        textbutton _("Right") action Preference("rollback side", "right")
    
                    vbox:
                        style_prefix "check"
                        label _("Skip")
                        textbutton _("Unseen Text") action Preference("skip", "toggle")
                        textbutton _("After Choices") action Preference("after choices", "toggle")
                        textbutton _("Transitions") action InvertSelected(Preference("transitions", "toggle"))
    
                    ## Additional vboxes of type "radio_pref" or "check_pref" can be
                    ## added here, to add additional creator-defined preferences.
    
                null height (4 * gui.pref_spacing)
    
                hbox:
                    style_prefix "slider"
                    box_wrap True
    
                    vbox:
    
                        label _("Text Speed")
    
                        bar value Preference("text speed")
    
                        label _("Auto-Forward Time")
    
                        bar value Preference("auto-forward time")
    
                    vbox:
    
                        if config.has_music:
                            label _("Music Volume")
    
                            hbox:
                                bar value Preference("music volume")
    
                        if config.has_sound:
    
                            label _("Sound Volume")
    
                            hbox:
                                bar value Preference("sound volume")
    
                                if config.sample_sound:
                                    textbutton _("Test") action Play("sound", config.sample_sound)
    
    
                        if config.has_voice:
                            label _("Voice Volume")
    
                            hbox:
                                bar value Preference("voice volume")
    
                                if config.sample_voice:
                                    textbutton _("Test") action Play("voice", config.sample_voice)
    
                        if config.has_music or config.has_sound or config.has_voice:
                            null height gui.pref_spacing
    
                            textbutton _("Mute All"):
                                action Preference("all mute", "toggle")
                                style "mute_all_button"
    
    
    style pref_label is gui_label
    style pref_label_text is gui_label_text
    style pref_vbox is vbox
    
    style radio_label is pref_label
    style radio_label_text is pref_label_text
    style radio_button is gui_button
    style radio_button_text is gui_button_text
    style radio_vbox is pref_vbox
    
    style check_label is pref_label
    style check_label_text is pref_label_text
    style check_button is gui_button
    style check_button_text is gui_button_text
    style check_vbox is pref_vbox
    
    style slider_label is pref_label
    style slider_label_text is pref_label_text
    style slider_slider is gui_slider
    style slider_button is gui_button
    style slider_button_text is gui_button_text
    style slider_pref_vbox is pref_vbox
    
    style mute_all_button is check_button
    style mute_all_button_text is check_button_text
    
    style pref_label:
        top_margin gui.pref_spacing
        bottom_margin 3
    
    style pref_label_text:
        yalign 1.0
    
    style pref_vbox:
        xsize 338
    
    style radio_vbox:
        spacing gui.pref_button_spacing
    
    style radio_button:
        properties gui.button_properties("radio_button")
        foreground "gui/button/radio_[prefix_]foreground.png"
    
    style radio_button_text:
        properties gui.button_text_properties("radio_button")
    
    style check_vbox:
        spacing gui.pref_button_spacing
    
    style check_button:
        properties gui.button_properties("check_button")
        foreground "gui/button/check_[prefix_]foreground.png"
    
    style check_button_text:
        properties gui.button_text_properties("check_button")
    
    style slider_slider:
        xsize 525
    
    style slider_button:
        properties gui.button_properties("slider_button")
        yalign 0.5
        left_margin 15
    
    style slider_button_text:
        properties gui.button_text_properties("slider_button")
    
    style slider_vbox:
        xsize 675
    
    
    ## History screen ##############################################################
    ##
    ## This is a screen that displays the dialogue history to the player. While
    ## there isn't anything special about this screen, it does have to access the

Ren'Py Version: Ren'Py 7.3.5.606
Thu May 13 11:30:29 2021
